// Jest Snapshot v1, https://goo.gl/fbAQLP

exports[`renders as expected 1`] = `
<DocumentFragment>
  .c0 {
  margin-top: 5rem;
  margin-bottom: -5rem;
  padding: 5rem 2rem;
}

.c2 {
  display: grid;
  grid-gap: 2rem;
}

.c1 {
  font-weight: normal;
  margin: 0;
  padding-bottom: 3rem;
}

@media (min-width:40rem) {
  .c0 {
    padding: 5rem;
  }
}

@media (min-width:40rem) {
  .c2 {
    grid-gap: 5rem;
    grid-template-columns: repeat(auto-fill,minmax(300px,1fr));
  }
}

<div
    class="c0"
  >
    <h2
      class="c1"
    >
      All 100 Tweets
    </h2>
    <div
      class="c2"
    >
      <div
        class="lazyload-placeholder"
        style="height: 100%;"
      />
      <div
        class="lazyload-placeholder"
        style="height: 100%;"
      />
      <div
        class="lazyload-placeholder"
        style="height: 100%;"
      />
      <div
        class="lazyload-placeholder"
        style="height: 100%;"
      />
      <div
        class="lazyload-placeholder"
        style="height: 100%;"
      />
      <div
        class="lazyload-placeholder"
        style="height: 100%;"
      />
      <div
        class="lazyload-placeholder"
        style="height: 100%;"
      />
      <div
        class="lazyload-placeholder"
        style="height: 100%;"
      />
      <div
        class="lazyload-placeholder"
        style="height: 100%;"
      />
      <div
        class="lazyload-placeholder"
        style="height: 100%;"
      />
      <div
        class="lazyload-placeholder"
        style="height: 100%;"
      />
      <div
        class="lazyload-placeholder"
        style="height: 100%;"
      />
      <div
        class="lazyload-placeholder"
        style="height: 100%;"
      />
      <div
        class="lazyload-placeholder"
        style="height: 100%;"
      />
      <div
        class="lazyload-placeholder"
        style="height: 100%;"
      />
      <div
        class="lazyload-placeholder"
        style="height: 100%;"
      />
      <div
        class="lazyload-placeholder"
        style="height: 100%;"
      />
      <div
        class="lazyload-placeholder"
        style="height: 100%;"
      />
      <div
        class="lazyload-placeholder"
        style="height: 100%;"
      />
      <div
        class="lazyload-placeholder"
        style="height: 100%;"
      />
      <div
        class="lazyload-placeholder"
        style="height: 100%;"
      />
      <div
        class="lazyload-placeholder"
        style="height: 100%;"
      />
      <div
        class="lazyload-placeholder"
        style="height: 100%;"
      />
      <div
        class="lazyload-placeholder"
        style="height: 100%;"
      />
      <div
        class="lazyload-placeholder"
        style="height: 100%;"
      />
      <div
        class="lazyload-placeholder"
        style="height: 100%;"
      />
      <div
        class="lazyload-placeholder"
        style="height: 100%;"
      />
      <div
        class="lazyload-placeholder"
        style="height: 100%;"
      />
      <div
        class="lazyload-placeholder"
        style="height: 100%;"
      />
      <div
        class="lazyload-placeholder"
        style="height: 100%;"
      />
      <div
        class="lazyload-placeholder"
        style="height: 100%;"
      />
      <div
        class="lazyload-placeholder"
        style="height: 100%;"
      />
      <div
        class="lazyload-placeholder"
        style="height: 100%;"
      />
      <div
        class="lazyload-placeholder"
        style="height: 100%;"
      />
      <div
        class="lazyload-placeholder"
        style="height: 100%;"
      />
      <div
        class="lazyload-placeholder"
        style="height: 100%;"
      />
      <div
        class="lazyload-placeholder"
        style="height: 100%;"
      />
      <div
        class="lazyload-placeholder"
        style="height: 100%;"
      />
      <div
        class="lazyload-placeholder"
        style="height: 100%;"
      />
      <div
        class="lazyload-placeholder"
        style="height: 100%;"
      />
      <div
        class="lazyload-placeholder"
        style="height: 100%;"
      />
      <div
        class="lazyload-placeholder"
        style="height: 100%;"
      />
      <div
        class="lazyload-placeholder"
        style="height: 100%;"
      />
      <div
        class="lazyload-placeholder"
        style="height: 100%;"
      />
      <div
        class="lazyload-placeholder"
        style="height: 100%;"
      />
      <div
        class="lazyload-placeholder"
        style="height: 100%;"
      />
      <div
        class="lazyload-placeholder"
        style="height: 100%;"
      />
      <div
        class="lazyload-placeholder"
        style="height: 100%;"
      />
      <div
        class="lazyload-placeholder"
        style="height: 100%;"
      />
      <div
        class="lazyload-placeholder"
        style="height: 100%;"
      />
      <div
        class="lazyload-placeholder"
        style="height: 100%;"
      />
      <div
        class="lazyload-placeholder"
        style="height: 100%;"
      />
      <div
        class="lazyload-placeholder"
        style="height: 100%;"
      />
      <div
        class="lazyload-placeholder"
        style="height: 100%;"
      />
      <div
        class="lazyload-placeholder"
        style="height: 100%;"
      />
      <div
        class="lazyload-placeholder"
        style="height: 100%;"
      />
      <div
        class="lazyload-placeholder"
        style="height: 100%;"
      />
      <div
        class="lazyload-placeholder"
        style="height: 100%;"
      />
      <div
        class="lazyload-placeholder"
        style="height: 100%;"
      />
      <div
        class="lazyload-placeholder"
        style="height: 100%;"
      />
      <div
        class="lazyload-placeholder"
        style="height: 100%;"
      />
      <div
        class="lazyload-placeholder"
        style="height: 100%;"
      />
      <div
        class="lazyload-placeholder"
        style="height: 100%;"
      />
      <div
        class="lazyload-placeholder"
        style="height: 100%;"
      />
      <div
        class="lazyload-placeholder"
        style="height: 100%;"
      />
      <div
        class="lazyload-placeholder"
        style="height: 100%;"
      />
      <div
        class="lazyload-placeholder"
        style="height: 100%;"
      />
      <div
        class="lazyload-placeholder"
        style="height: 100%;"
      />
      <div
        class="lazyload-placeholder"
        style="height: 100%;"
      />
      <div
        class="lazyload-placeholder"
        style="height: 100%;"
      />
      <div
        class="lazyload-placeholder"
        style="height: 100%;"
      />
      <div
        class="lazyload-placeholder"
        style="height: 100%;"
      />
      <div
        class="lazyload-placeholder"
        style="height: 100%;"
      />
      <div
        class="lazyload-placeholder"
        style="height: 100%;"
      />
      <div
        class="lazyload-placeholder"
        style="height: 100%;"
      />
      <div
        class="lazyload-placeholder"
        style="height: 100%;"
      />
      <div
        class="lazyload-placeholder"
        style="height: 100%;"
      />
      <div
        class="lazyload-placeholder"
        style="height: 100%;"
      />
      <div
        class="lazyload-placeholder"
        style="height: 100%;"
      />
      <div
        class="lazyload-placeholder"
        style="height: 100%;"
      />
      <div
        class="lazyload-placeholder"
        style="height: 100%;"
      />
      <div
        class="lazyload-placeholder"
        style="height: 100%;"
      />
      <div
        class="lazyload-placeholder"
        style="height: 100%;"
      />
      <div
        class="lazyload-placeholder"
        style="height: 100%;"
      />
      <div
        class="lazyload-placeholder"
        style="height: 100%;"
      />
      <div
        class="lazyload-placeholder"
        style="height: 100%;"
      />
      <div
        class="lazyload-placeholder"
        style="height: 100%;"
      />
      <div
        class="lazyload-placeholder"
        style="height: 100%;"
      />
      <div
        class="lazyload-placeholder"
        style="height: 100%;"
      />
      <div
        class="lazyload-placeholder"
        style="height: 100%;"
      />
      <div
        class="lazyload-placeholder"
        style="height: 100%;"
      />
      <div
        class="lazyload-placeholder"
        style="height: 100%;"
      />
      <div
        class="lazyload-placeholder"
        style="height: 100%;"
      />
      <div
        class="lazyload-placeholder"
        style="height: 100%;"
      />
      <div
        class="lazyload-placeholder"
        style="height: 100%;"
      />
      <div
        class="lazyload-placeholder"
        style="height: 100%;"
      />
      <div
        class="lazyload-placeholder"
        style="height: 100%;"
      />
      <div
        class="lazyload-placeholder"
        style="height: 100%;"
      />
      <div
        class="lazyload-placeholder"
        style="height: 100%;"
      />
      <div
        class="lazyload-placeholder"
        style="height: 100%;"
      />
    </div>
  </div>
</DocumentFragment>
`;
